// Jest Snapshot v1, https://goo.gl/fbAQLP

exports[`setup formatJson 1`] = `
"{
  \\"key\\": \\"value\\"
}"
`;
